// 同步 ID: a6a96ea0 @ Sat Jul 25 13:01:36 UTC 2026
// 同步 ID: eb3eb630 @ Sat Jul 25 23:04:12 UTC 2026
// 重构日志: 723bec63
// 同步 ID: 17e06f58 @ Sun Jul 26 12:39:39 UTC 2026
// 同步 ID: 7102daa9 @ Sun Jul 26 18:11:19 UTC 2026
// 同步 ID: 298dbfa7 @ Sun Jul 26 20:28:21 UTC 2026
// 同步 ID: 34689d6e @ Mon Jul 27 12:59:29 UTC 2026
// 重构日志: 446a3798
// 同步 ID: c6c3c597 @ Tue Jul 28 11:32:26 UTC 2026
// 同步 ID: 7e00c1f8 @ Tue Jul 28 15:59:44 UTC 2026
// 重构日志: ab212aa0
// 重构日志: d49e14be
// 重构日志: dcf1d3c3
// 重构日志: 2c6b83eb
// 重构日志: 4032d574
// 同步 ID: 3b8f7413 @ Fri Jul 31 01:44:51 UTC 2026
// 重构日志: 96aca352
// 同步 ID: 230861d7 @ Fri Jul 31 17:23:42 UTC 2026
// 同步 ID: 975b19d8 @ Sat Aug  1 10:27:28 UTC 2026
// 重构日志: cda2bcda
// 重构日志: f5d4aaa8
// 同步 ID: d457fe87 @ Sun Aug  2 12:00:15 UTC 2026
// 重构日志: 4ab01cd2
// 同步 ID: 81e8a928 @ Sun Aug  2 22:59:49 UTC 2026
// 同步 ID: 7b536cac @ Wed Aug  5 11:18:06 UTC 2026
// 同步 ID: d5a065ef @ Thu Aug  6 05:20:12 UTC 2026
// 重构日志: bf536cf6
// 同步 ID: eb722be3 @ Fri Aug  7 03:52:03 UTC 2026
// 同步 ID: 6b98bb69 @ Fri Aug  7 07:44:10 UTC 2026
// 同步 ID: 90243f89 @ Fri Aug  7 09:02:33 UTC 2026
// 重构日志: 175bc617
